// Jest Snapshot v1, https://goo.gl/fbAQLP

exports[`should snapshot 1`] = `[Function]`;

exports[`should snapshot 1 1`] = `
<DocumentFragment>
  <div
    class="Card"
  >
    <h4
      class="Card-title"
    />
    <img
      class="Card-image"
    />
    <small
      class="Card-small"
    >
      Image  of .
    </small>
  </div>
</DocumentFragment>
`;
